Microchip MPLAB XC8 Compiler V1.35 ()

Linker command line:

-W-3 --edf=C:\Program Files (x86)\Microchip\xc8\v1.35\dat\en_msgs.txt -cs \
  -h+dist/default/production\PIC16F873A.production.sym \
  --cmf=dist/default/production\PIC16F873A.production.cmf -z -Q16F873A \
  -oC:\Users\Symrak\AppData\Local\Temp\s43s.2 \
  -Mdist/default/production/PIC16F873A.production.map -E1 -ver=XC8 \
  -ASTACK=0A0h-0fdh -pstack=STACK -ACODE=00h-07FFhx2 -ASTRCODE=00h-0FFFh \
  -ASTRING=00h-0FFhx16 -ACONST=00h-0FFhx16 -AENTRY=00h-0FFhx16 \
  -ABANK0=020h-07Dh -ABANK1=0A0h-0FDh -ARAM=020h-07Dh,0A0h-0FDh \
  -AABS1=020h-07Fh,0A0h-0FFh -ACOMMON=07Eh-07Fh -ASFR0=00h-01Fh \
  -ASFR1=080h-09Fh -ASFR2=0100h-017Dh -ASFR3=0180h-01FDh \
  -preset_vec=00h,intentry,init,end_init -ppowerup=CODE -pcinit=CODE \
  -pfunctab=CODE -ACONFIG=02007h-02007h -pconfig=CONFIG -DCONFIG=2 \
  -AIDLOC=02000h-02003h -pidloc=IDLOC -DIDLOC=2 -AEEDATA=00h-07Fh/02100h \
  -peeprom_data=EEDATA -DEEDATA=2 -DCODE=2 -DSTRCODE=2 -DSTRING=2 -DCONST=2 \
  -DENTRY=2 -k C:\Users\Symrak\AppData\Local\Temp\s43s.obj \
  dist/default/production\PIC16F873A.production.obj 

Object code version is 3.11

Machine type is 16F873A



                Name                               Link     Load   Length Selector   Space Scale
C:\Users\Symrak\AppData\Local\Temp\s43s.obj
                end_init                              0        0        2        0       0
                config                             2007     2007        1     400E       0
dist/default/production\PIC16F873A.production.obj
                cinit                               7FB      7FB        5      FF6       0
                text18                              567      567        9      ACE       0
                text17                              644      644       24      C88       0
                text16                              668      668       24      CD0       0
                text15                              68C      68C       2E      D18       0
                text14                              57B      57B       14      AF6       0
                text13                              624      624       20      C48       0
                text12                              5A4      5A4       17      B48       0
                text11                              727      727       41      E4E       0
                text10                              6EA      6EA       3D      DD4       0
                text9                               58F      58F       15      B1E       0
                text8                               570      570        B      AE0       0
                text7                               6BA      6BA       30      D74       0
                text6                               768      768       43      ED0       0
                text5                               5BB      5BB       17      B76       0
                text4                               5D2      5D2       18      BA4       0
                text3                               5EA      5EA       1B      BD4       0
                text2                               7AB      7AB       50      F56       0
                text1                               605      605       1F      C0A       0
                maintext                            563      563        4      AC6       0
                cstackBANK0                          20       20       13       20       1
                bssBANK0                             33       33        2       20       1
                strings                               2        2       2E        4       0

TOTAL           Name                               Link     Load   Length     Space
        CLASS   STACK          

        CLASS   CODE           
                end_init                              0        0        2         0
                cinit                               7FB      7FB        5         0
                text18                              567      567        9         0
                text17                              644      644       24         0
                text16                              668      668       24         0
                text15                              68C      68C       2E         0
                text14                              57B      57B       14         0
                text13                              624      624       20         0
                text12                              5A4      5A4       17         0
                text11                              727      727       41         0
                text10                              6EA      6EA       3D         0
                text9                               58F      58F       15         0
                text8                               570      570        B         0
                text7                               6BA      6BA       30         0
                text6                               768      768       43         0
                text5                               5BB      5BB       17         0
                text4                               5D2      5D2       18         0
                text3                               5EA      5EA       1B         0
                text2                               7AB      7AB       50         0
                text1                               605      605       1F         0
                maintext                            563      563        4         0

        CLASS   STRCODE        

        CLASS   STRING         
                strings                               2        2       2E         0

        CLASS   CONST          

        CLASS   ENTRY          

        CLASS   BANK0          
                cstackBANK0                          20       20       13         1
                bssBANK0                             33       33        2         1

        CLASS   BANK1          

        CLASS   RAM            

        CLASS   ABS1           
                abs_s1                               7E       7E        2         1

        CLASS   COMMON         

        CLASS   SFR0           

        CLASS   SFR1           

        CLASS   SFR2           

        CLASS   SFR3           

        CLASS   CONFIG         
                config                             2007     2007        1         0

        CLASS   IDLOC          

        CLASS   EEDATA         

        CLASS   BANK3          

        CLASS   BANK2          



SEGMENTS        Name                           Load    Length   Top    Selector   Space  Class     Delta

                reset_vec                      000000  000002  000002         0       0  CODE        2
                strings                        000002  00002E  000030         4       0  STRING      2
                cstackBANK0                    000020  000015  000035        20       1  BANK0       1
                maintext                       000563  000004  000567       AC6       0  CODE        2
                text18                         000567  000009  000570       ACE       0  CODE        2
                text8                          000570  00000B  00057B       AE0       0  CODE        2
                text14                         00057B  000014  00058F       AF6       0  CODE        2
                text9                          00058F  000015  0005A4       B1E       0  CODE        2
                text12                         0005A4  000017  0005BB       B48       0  CODE        2
                text5                          0005BB  000017  0005D2       B76       0  CODE        2
                text4                          0005D2  000018  0005EA       BA4       0  CODE        2
                text3                          0005EA  00001B  000605       BD4       0  CODE        2
                text1                          000605  00001F  000624       C0A       0  CODE        2
                text13                         000624  000020  000644       C48       0  CODE        2
                text17                         000644  000024  000668       C88       0  CODE        2
                text16                         000668  000024  00068C       CD0       0  CODE        2
                text15                         00068C  00002E  0006BA       D18       0  CODE        2
                text7                          0006BA  000030  0006EA       D74       0  CODE        2
                text10                         0006EA  00003D  000727       DD4       0  CODE        2
                text11                         000727  000041  000768       E4E       0  CODE        2
                text6                          000768  000043  0007AB       ED0       0  CODE        2
                text2                          0007AB  000050  0007FB       F56       0  CODE        2
                cinit                          0007FB  000005  000800       FF6       0  CODE        2
                config                         002007  000001  002008      400E       0  CONFIG      2


UNUSED ADDRESS RANGES

        Name                Unused          Largest block    Delta
        BANK0            0035-007D             49           1
        BANK1            00A0-00FD             5E           1
        CODE             0030-0562            533           2
                         0800-0FFF            800
        CONST            0030-0562            100           2
                         0800-0FFF            100
        EEDATA           2100-217F             80           2
        ENTRY            0030-0562            100           2
                         0800-0FFF            100
        IDLOC            2000-2003              4           2
        RAM              0035-007D             49           1
                         00A0-00FD             5E
        SFR0             0000-001F             20           1
        SFR1             0080-009F             20           1
        SFR2             0100-017D             7E           1
        SFR3             0180-01FD             7E           1
        STACK            00A0-00FD             5E           1
        STRCODE          0030-0562            533           2
                         0800-0FFF            800
        STRING           0030-0562            100           2
                         0800-0FFF            100

                                  Symbol Table

_ADCON1                  (abs)        009F
_PORTA                   (abs)        0005
_TRISA                   (abs)        0085
__CFG_BOREN$ON           (abs)        0000
__CFG_CP$OFF             (abs)        0000
__CFG_CPD$OFF            (abs)        0000
__CFG_DEBUG$OFF          (abs)        0000
__CFG_FOSC$HS            (abs)        0000
__CFG_LVP$ON             (abs)        0000
__CFG_PWRTE$ON           (abs)        0000
__CFG_WDTE$OFF           (abs)        0000
__CFG_WRT$OFF            (abs)        0000
__Habs1                  abs1         0000
__Hbank0                 bank0        0000
__Hbank1                 bank1        0000
__Hbank2                 bank2        0000
__Hbank3                 bank3        0000
__HbssBANK0              bssBANK0     0000
__Hcinit                 cinit        0800
__Hclrtext               clrtext      0000
__Hcode                  code         0000
__Hcommon                common       0000
__Hconfig                config       2008
__HcstackBANK0           cstackBANK0  0000
__HcstackCOMMON          cstackCOMMON 0000
__Heeprom_data           eeprom_data  0000
__Hend_init              end_init     0002
__Hfunctab               functab      0000
__Hidloc                 idloc        0000
__Hinit                  init         0000
__Hintentry              intentry     0000
__Hmaintext              maintext     0000
__Hpowerup               powerup      0000
__Hram                   ram          0000
__Hreset_vec             reset_vec    0000
__Hsfr0                  sfr0         0000
__Hsfr1                  sfr1         0000
__Hsfr2                  sfr2         0000
__Hsfr3                  sfr3         0000
__Hspace_0               (abs)        2008
__Hspace_1               (abs)        0035
__Hspace_2               (abs)        0000
__Hspace_3               (abs)        0000
__Hstack                 stack        0000
__Hstrings               strings      0000
__Htext                  text         0000
__Labs1                  abs1         0000
__Lbank0                 bank0        0000
__Lbank1                 bank1        0000
__Lbank2                 bank2        0000
__Lbank3                 bank3        0000
__LbssBANK0              bssBANK0     0000
__Lcinit                 cinit        07FB
__Lclrtext               clrtext      0000
__Lcode                  code         0000
__Lcommon                common       0000
__Lconfig                config       2007
__LcstackBANK0           cstackBANK0  0000
__LcstackCOMMON          cstackCOMMON 0000
__Leeprom_data           eeprom_data  0000
__Lend_init              end_init     0000
__Lfunctab               functab      0000
__Lidloc                 idloc        0000
__Linit                  init         0000
__Lintentry              intentry     0000
__Lmaintext              maintext     0000
__Lpowerup               powerup      0000
__Lram                   ram          0000
__Lreset_vec             reset_vec    0000
__Lsfr0                  sfr0         0000
__Lsfr1                  sfr1         0000
__Lsfr2                  sfr2         0000
__Lsfr3                  sfr3         0000
__Lspace_0               (abs)        0000
__Lspace_1               (abs)        0000
__Lspace_2               (abs)        0000
__Lspace_3               (abs)        0000
__Lstack                 stack        0000
__Lstrings               strings      0000
__Ltext                  text         0000
__S0                     (abs)        2008
__S1                     (abs)        0035
__S2                     (abs)        0000
__S3                     (abs)        0000
___int_sp                stack        0000
___latbits               (abs)        0001
___sp                    stack        0000
__end_of__initialization cinit        07FD
__end_of__stringtab      strings      0008
__end_of_cursor_shift    text3        0605
__end_of_gpio_init       text18       0570
__end_of_lcd_10us_delay  text15       06BA
__end_of_lcd_clrbar      text7        06EA
__end_of_lcd_clrscr      text12       05BB
__end_of_lcd_config      text11       0768
__end_of_lcd_goto        text10       0727
__end_of_lcd_high        text17       0668
__end_of_lcd_init        text4        05EA
__end_of_lcd_initbar     text6        07AB
__end_of_lcd_low         text16       068C
__end_of_lcd_putc        text9        05A4
__end_of_lcd_puts        text2        07FB
__end_of_lcd_return      text5        05D2
__end_of_lcd_setmode     text8        057B
__end_of_lcd_strobe      text14       058F
__end_of_lcd_write       text13       0644
__end_of_main            maintext     0567
__end_of_progress_bar    strings      000E
__end_of_startup         text1        0624
__initialization         cinit        07FB
__pbssBANK0              bssBANK0     0033
__pcstackBANK0           cstackBANK0  0020
__pcstackCOMMON          cstackCOMMON 0000
__pmaintext              maintext     0563
__pstrings               strings      0002
__ptext1                 text1        0605
__ptext10                text10       06EA
__ptext11                text11       0727
__ptext12                text12       05A4
__ptext13                text13       0624
__ptext14                text14       057B
__ptext15                text15       068C
__ptext16                text16       0668
__ptext17                text17       0644
__ptext18                text18       0567
__ptext2                 text2        07AB
__ptext3                 text3        05EA
__ptext4                 text4        05D2
__ptext5                 text5        05BB
__ptext6                 text6        0768
__ptext7                 text7        06BA
__ptext8                 text8        0570
__ptext9                 text9        058F
__size_of_cursor_shift   (abs)        0000
__size_of_gpio_init      (abs)        0000
__size_of_lcd_10us_delay (abs)        0000
__size_of_lcd_clrbar     (abs)        0000
__size_of_lcd_clrscr     (abs)        0000
__size_of_lcd_config     (abs)        0000
__size_of_lcd_goto       (abs)        0000
__size_of_lcd_high       (abs)        0000
__size_of_lcd_init       (abs)        0000
__size_of_lcd_initbar    (abs)        0000
__size_of_lcd_low        (abs)        0000
__size_of_lcd_putc       (abs)        0000
__size_of_lcd_puts       (abs)        0000
__size_of_lcd_return     (abs)        0000
__size_of_lcd_setmode    (abs)        0000
__size_of_lcd_strobe     (abs)        0000
__size_of_lcd_write      (abs)        0000
__size_of_main           (abs)        0000
__size_of_startup        (abs)        0000
__stringbase             strings      0007
__stringtab              strings      0002
_current_bar_pixel       bssBANK0     0033
_current_cell_load       bssBANK0     0034
_cursor_shift            text3        05EA
_gpio_init               text18       0567
_lcd_10us_delay          text15       068C
_lcd_clrbar              text7        06BA
_lcd_clrscr              text12       05A4
_lcd_config              text11       0727
_lcd_goto                text10       06EA
_lcd_high                text17       0644
_lcd_init                text4        05D2
_lcd_initbar             text6        0768
_lcd_low                 text16       0668
_lcd_putc                text9        058F
_lcd_puts                text2        07AB
_lcd_return              text5        05BB
_lcd_setmode             text8        0570
_lcd_strobe              text14       057B
_lcd_write               text13       0624
_main                    maintext     0563
_progress_bar            strings      0008
_startup                 text1        0605
btemp                    (abs)        007E
cursor_shift@direction   cstackBANK0  002B
end_of_initialization    cinit        07FD
intlevel0                functab      0000
intlevel1                functab      0000
intlevel2                functab      0000
intlevel3                functab      0000
intlevel4                functab      0000
intlevel5                functab      0000
lcd_10us_delay@us        cstackBANK0  0020
lcd_clrbar@i             cstackBANK0  002E
lcd_config@param         cstackBANK0  002A
lcd_goto@address         cstackBANK0  002A
lcd_goto@line            cstackBANK0  002C
lcd_high@data            cstackBANK0  0021
lcd_initbar@i            cstackBANK0  0032
lcd_initbar@j            cstackBANK0  0031
lcd_low@data             cstackBANK0  0021
lcd_putc@data            cstackBANK0  002A
lcd_puts@i               cstackBANK0  002E
lcd_puts@str             cstackBANK0  002F
lcd_setmode@param        cstackBANK0  002B
lcd_write@data           cstackBANK0  0029
ltemp                    (abs)        007E
ltemp0                   (abs)        007E
ltemp1                   (abs)        0082
ltemp2                   (abs)        0086
ltemp3                   (abs)        0080
reset_vec                reset_vec    0000
stackhi                  (abs)        0000
stacklo                  (abs)        0000
start                    init         0000
start_initialization     cinit        07FB
ttemp                    (abs)        007E
ttemp0                   (abs)        007E
ttemp1                   (abs)        0081
ttemp2                   (abs)        0084
ttemp3                   (abs)        0087
ttemp4                   (abs)        007F
wtemp                    (abs)        007E
wtemp0                   (abs)        007E
wtemp1                   (abs)        0080
wtemp2                   (abs)        0082
wtemp3                   (abs)        0084
wtemp4                   (abs)        0086
wtemp5                   (abs)        0088
wtemp6                   (abs)        007F


FUNCTION INFORMATION:

 *************** function _main *****************
 Defined at:
		line 50 in file "main.c"
 Parameters:    Size  Location     Type
		None
 Auto vars:     Size  Location     Type
		None
 Return value:  Size  Location     Type
		None               void
 Registers used:
		wreg, fsr0l, fsr0h, status,2, status,0, pclath, cstack
 Tracked objects:
		On entry : 
		On exit  : 
		Unchanged: 
 Data sizes:     COMMON   BANK0   BANK1
      Params:         0       0       0
      Locals:         0       0       0
      Temps:          0       0       0
      Totals:         0       0       0
Total ram usage:        0 bytes
 Hardware stack levels required when called:    8
 This function calls:
		_startup
 This function is called by:
		Startup code after reset
 This function uses a non-reentrant model


 *************** function _startup *****************
 Defined at:
		line 40 in file "main.c"
 Parameters:    Size  Location     Type
		None
 Auto vars:     Size  Location     Type
		None
 Return value:  Size  Location     Type
		None               void
 Registers used:
		wreg, fsr0l, fsr0h, status,2, status,0, pclath, cstack
 Tracked objects:
		On entry : 
		On exit  : 
		Unchanged: 
 Data sizes:     COMMON   BANK0   BANK1
      Params:         0       0       0
      Locals:         0       0       0
      Temps:          0       0       0
      Totals:         0       0       0
Total ram usage:        0 bytes
 Hardware stack levels used:    1
 Hardware stack levels required when called:    7
 This function calls:
		_gpio_init
		_lcd_clrscr
		_lcd_goto
		_lcd_init
		_lcd_puts
 This function is called by:
		_main
 This function uses a non-reentrant model


 *************** function _lcd_puts *****************
 Defined at:
		line 327 in file "hd44780.c"
 Parameters:    Size  Location     Type
  str             1    wreg     PTR const unsigned char 
		 -> STR_2(17), STR_1(17), 
 Auto vars:     Size  Location     Type
  str             1   15[BANK0 ] PTR const unsigned char 
		 -> STR_2(17), STR_1(17), 
  i               1   14[BANK0 ] unsigned char 
 Return value:  Size  Location     Type
		None               void
 Registers used:
		wreg, fsr0l, fsr0h, status,2, status,0, pclath, cstack
 Tracked objects:
		On entry : 
		On exit  : 
		Unchanged: 
 Data sizes:     COMMON   BANK0   BANK1
      Params:         0       0       0
      Locals:         0       2       0
      Temps:          0       1       0
      Totals:         0       3       0
Total ram usage:        3 bytes
 Hardware stack levels used:    1
 Hardware stack levels required when called:    4
 This function calls:
		_cursor_shift
		_lcd_goto
		_lcd_putc
		_lcd_return
 This function is called by:
		_startup
 This function uses a non-reentrant model


 *************** function _cursor_shift *****************
 Defined at:
		line 260 in file "hd44780.c"
 Parameters:    Size  Location     Type
  direction       1    wreg     unsigned char 
 Auto vars:     Size  Location     Type
  direction       1   11[BANK0 ] unsigned char 
 Return value:  Size  Location     Type
		None               void
 Registers used:
		wreg, fsr0l, fsr0h, status,2, status,0, pclath, cstack
 Tracked objects:
		On entry : 
		On exit  : 
		Unchanged: 
 Data sizes:     COMMON   BANK0   BANK1
      Params:         0       0       0
      Locals:         0       1       0
      Temps:          0       1       0
      Totals:         0       2       0
Total ram usage:        2 bytes
 Hardware stack levels used:    1
 Hardware stack levels required when called:    3
 This function calls:
		_lcd_write
 This function is called by:
		_lcd_puts
		_lcd_backspace
		_lcd_drawbar
 This function uses a non-reentrant model


 *************** function _lcd_init *****************
 Defined at:
		line 600 in file "hd44780.c"
 Parameters:    Size  Location     Type
		None
 Auto vars:     Size  Location     Type
		None
 Return value:  Size  Location     Type
		None               void
 Registers used:
		wreg, fsr0l, fsr0h, status,2, status,0, pclath, cstack
 Tracked objects:
		On entry : 
		On exit  : 
		Unchanged: 
 Data sizes:     COMMON   BANK0   BANK1
      Params:         0       0       0
      Locals:         0       0       0
      Temps:          0       0       0
      Totals:         0       0       0
Total ram usage:        0 bytes
 Hardware stack levels used:    1
 Hardware stack levels required when called:    6
 This function calls:
		_gpio_init
		_lcd_clrscr
		_lcd_config
		_lcd_initbar
		_lcd_return
		_lcd_setmode
 This function is called by:
		_startup
 This function uses a non-reentrant model


 *************** function _lcd_return *****************
 Defined at:
		line 215 in file "hd44780.c"
 Parameters:    Size  Location     Type
		None
 Auto vars:     Size  Location     Type
		None
 Return value:  Size  Location     Type
		None               void
 Registers used:
		wreg, status,2, status,0, pclath, cstack
 Tracked objects:
		On entry : 
		On exit  : 
		Unchanged: 
 Data sizes:     COMMON   BANK0   BANK1
      Params:         0       0       0
      Locals:         0       0       0
      Temps:          0       1       0
      Totals:         0       1       0
Total ram usage:        1 bytes
 Hardware stack levels used:    1
 Hardware stack levels required when called:    3
 This function calls:
		_lcd_10us_delay
		_lcd_write
 This function is called by:
		_lcd_puts
		_lcd_init
 This function uses a non-reentrant model


 *************** function _lcd_initbar *****************
 Defined at:
		line 478 in file "hd44780.c"
 Parameters:    Size  Location     Type
		None
 Auto vars:     Size  Location     Type
  i               1   18[BANK0 ] unsigned char 
  j               1   17[BANK0 ] unsigned char 
 Return value:  Size  Location     Type
		None               void
 Registers used:
		wreg, fsr0l, fsr0h, status,2, status,0, pclath, cstack
 Tracked objects:
		On entry : 
		On exit  : 
		Unchanged: 
 Data sizes:     COMMON   BANK0   BANK1
      Params:         0       0       0
      Locals:         0       2       0
      Temps:          0       2       0
      Totals:         0       4       0
Total ram usage:        4 bytes
 Hardware stack levels used:    1
 Hardware stack levels required when called:    5
 This function calls:
		_lcd_clrbar
		_lcd_goto
		_lcd_putc
 This function is called by:
		_lcd_init
 This function uses a non-reentrant model


 *************** function _lcd_clrbar *****************
 Defined at:
		line 574 in file "hd44780.c"
 Parameters:    Size  Location     Type
		None
 Auto vars:     Size  Location     Type
  i               1   14[BANK0 ] unsigned char 
 Return value:  Size  Location     Type
		None               void
 Registers used:
		wreg, fsr0l, fsr0h, status,2, status,0, pclath, cstack
 Tracked objects:
		On entry : 
		On exit  : 
		Unchanged: 
 Data sizes:     COMMON   BANK0   BANK1
      Params:         0       0       0
      Locals:         0       1       0
      Temps:          0       1       0
      Totals:         0       2       0
Total ram usage:        2 bytes
 Hardware stack levels used:    1
 Hardware stack levels required when called:    4
 This function calls:
		_lcd_goto
		_lcd_putc
		_lcd_setmode
 This function is called by:
		_lcd_initbar
 This function uses a non-reentrant model


 *************** function _lcd_setmode *****************
 Defined at:
		line 306 in file "hd44780.c"
 Parameters:    Size  Location     Type
  param           1    wreg     unsigned char 
 Auto vars:     Size  Location     Type
  param           1   11[BANK0 ] unsigned char 
 Return value:  Size  Location     Type
		None               void
 Registers used:
		wreg, status,2, status,0, pclath, cstack
 Tracked objects:
		On entry : 
		On exit  : 
		Unchanged: 
 Data sizes:     COMMON   BANK0   BANK1
      Params:         0       0       0
      Locals:         0       1       0
      Temps:          0       1       0
      Totals:         0       2       0
Total ram usage:        2 bytes
 Hardware stack levels used:    1
 Hardware stack levels required when called:    3
 This function calls:
		_lcd_write
 This function is called by:
		_lcd_clrbar
		_lcd_init
		_lcd_drawbar
 This function uses a non-reentrant model


 *************** function _lcd_putc *****************
 Defined at:
		line 314 in file "hd44780.c"
 Parameters:    Size  Location     Type
  data            1    wreg     unsigned char 
 Auto vars:     Size  Location     Type
  data            1   10[BANK0 ] unsigned char 
 Return value:  Size  Location     Type
		None               void
 Registers used:
		wreg, status,2, status,0, pclath, cstack
 Tracked objects:
		On entry : 
		On exit  : 
		Unchanged: 
 Data sizes:     COMMON   BANK0   BANK1
      Params:         0       0       0
      Locals:         0       1       0
      Temps:          0       0       0
      Totals:         0       1       0
Total ram usage:        1 bytes
 Hardware stack levels used:    1
 Hardware stack levels required when called:    3
 This function calls:
		_lcd_10us_delay
		_lcd_write
 This function is called by:
		_lcd_puts
		_lcd_initbar
		_lcd_clrbar
		_lcd_loadchar
		_lcd_drawchar
		_lcd_backspace
		_lcd_itos
		_lcd_ftos
		_lcd_ntos
		_lcd_drawbar
 This function uses a non-reentrant model


 *************** function _lcd_goto *****************
 Defined at:
		line 284 in file "hd44780.c"
 Parameters:    Size  Location     Type
  line            1    wreg     unsigned char 
  address         1   10[BANK0 ] unsigned char 
 Auto vars:     Size  Location     Type
  line            1   12[BANK0 ] unsigned char 
 Return value:  Size  Location     Type
		None               void
 Registers used:
		wreg, fsr0l, fsr0h, status,2, status,0, pclath, cstack
 Tracked objects:
		On entry : 
		On exit  : 
		Unchanged: 
 Data sizes:     COMMON   BANK0   BANK1
      Params:         0       1       0
      Locals:         0       1       0
      Temps:          0       1       0
      Totals:         0       3       0
Total ram usage:        3 bytes
 Hardware stack levels used:    1
 Hardware stack levels required when called:    3
 This function calls:
		_lcd_write
 This function is called by:
		_lcd_puts
		_lcd_initbar
		_lcd_clrbar
		_startup
		_lcd_loadchar
		_lcd_drawchar
		_lcd_drawbar
 This function uses a non-reentrant model


 *************** function _lcd_config *****************
 Defined at:
		line 166 in file "hd44780.c"
 Parameters:    Size  Location     Type
  param           1    wreg     unsigned char 
 Auto vars:     Size  Location     Type
  param           1   10[BANK0 ] unsigned char 
 Return value:  Size  Location     Type
		None               void
 Registers used:
		wreg, status,2, status,0, pclath, cstack
 Tracked objects:
		On entry : 
		On exit  : 
		Unchanged: 
 Data sizes:     COMMON   BANK0   BANK1
      Params:         0       0       0
      Locals:         0       1       0
      Temps:          0       1       0
      Totals:         0       2       0
Total ram usage:        2 bytes
 Hardware stack levels used:    1
 Hardware stack levels required when called:    2
 This function calls:
		_lcd_10us_delay
		_lcd_high
		_lcd_low
		_lcd_strobe
 This function is called by:
		_lcd_init
 This function uses a non-reentrant model


 *************** function _lcd_clrscr *****************
 Defined at:
		line 196 in file "hd44780.c"
 Parameters:    Size  Location     Type
		None
 Auto vars:     Size  Location     Type
		None
 Return value:  Size  Location     Type
		None               void
 Registers used:
		wreg, status,2, status,0, pclath, cstack
 Tracked objects:
		On entry : 
		On exit  : 
		Unchanged: 
 Data sizes:     COMMON   BANK0   BANK1
      Params:         0       0       0
      Locals:         0       0       0
      Temps:          0       1       0
      Totals:         0       1       0
Total ram usage:        1 bytes
 Hardware stack levels used:    1
 Hardware stack levels required when called:    3
 This function calls:
		_lcd_10us_delay
		_lcd_write
 This function is called by:
		_lcd_init
		_startup
 This function uses a non-reentrant model


 *************** function _lcd_write *****************
 Defined at:
		line 145 in file "hd44780.c"
 Parameters:    Size  Location     Type
  data            1    wreg     unsigned char 
 Auto vars:     Size  Location     Type
  data            1    9[BANK0 ] unsigned char 
 Return value:  Size  Location     Type
		None               void
 Registers used:
		wreg, status,2, status,0, pclath, cstack
 Tracked objects:
		On entry : 
		On exit  : 
		Unchanged: 
 Data sizes:     COMMON   BANK0   BANK1
      Params:         0       0       0
      Locals:         0       1       0
      Temps:          0       0       0
      Totals:         0       1       0
Total ram usage:        1 bytes
 Hardware stack levels used:    1
 Hardware stack levels required when called:    2
 This function calls:
		_lcd_10us_delay
		_lcd_high
		_lcd_low
		_lcd_strobe
 This function is called by:
		_lcd_clrscr
		_lcd_return
		_cursor_shift
		_lcd_goto
		_lcd_setmode
		_lcd_putc
		_lcd_scroll
 This function uses a non-reentrant model


 *************** function _lcd_strobe *****************
 Defined at:
		line 119 in file "hd44780.c"
 Parameters:    Size  Location     Type
		None
 Auto vars:     Size  Location     Type
		None
 Return value:  Size  Location     Type
		None               void
 Registers used:
		wreg, status,2, status,0, pclath, cstack
 Tracked objects:
		On entry : 
		On exit  : 
		Unchanged: 
 Data sizes:     COMMON   BANK0   BANK1
      Params:         0       0       0
      Locals:         0       0       0
      Temps:          0       1       0
      Totals:         0       1       0
Total ram usage:        1 bytes
 Hardware stack levels used:    1
 Hardware stack levels required when called:    1
 This function calls:
		_lcd_10us_delay
 This function is called by:
		_lcd_write
		_lcd_config
 This function uses a non-reentrant model


 *************** function _lcd_10us_delay *****************
 Defined at:
		line 107 in file "hd44780.c"
 Parameters:    Size  Location     Type
  us              4    0[BANK0 ] volatile unsigned long 
 Auto vars:     Size  Location     Type
		None
 Return value:  Size  Location     Type
		None               void
 Registers used:
		wreg, status,2, status,0
 Tracked objects:
		On entry : 
		On exit  : 
		Unchanged: 
 Data sizes:     COMMON   BANK0   BANK1
      Params:         0       4       0
      Locals:         0       0       0
      Temps:          0       4       0
      Totals:         0       8       0
Total ram usage:        8 bytes
 Hardware stack levels used:    1
 This function calls:
		Nothing
 This function is called by:
		_lcd_strobe
		_lcd_write
		_lcd_config
		_lcd_clrscr
		_lcd_return
		_lcd_putc
 This function uses a non-reentrant model


 *************** function _lcd_low *****************
 Defined at:
		line 136 in file "hd44780.c"
 Parameters:    Size  Location     Type
  data            1    wreg     unsigned char 
 Auto vars:     Size  Location     Type
  data            1    1[BANK0 ] unsigned char 
 Return value:  Size  Location     Type
		None               void
 Registers used:
		wreg, status,2, status,0
 Tracked objects:
		On entry : 
		On exit  : 
		Unchanged: 
 Data sizes:     COMMON   BANK0   BANK1
      Params:         0       0       0
      Locals:         0       1       0
      Temps:          0       1       0
      Totals:         0       2       0
Total ram usage:        2 bytes
 Hardware stack levels used:    1
 This function calls:
		Nothing
 This function is called by:
		_lcd_write
		_lcd_config
 This function uses a non-reentrant model


 *************** function _lcd_high *****************
 Defined at:
		line 127 in file "hd44780.c"
 Parameters:    Size  Location     Type
  data            1    wreg     unsigned char 
 Auto vars:     Size  Location     Type
  data            1    1[BANK0 ] unsigned char 
 Return value:  Size  Location     Type
		None               void
 Registers used:
		wreg, status,2, status,0
 Tracked objects:
		On entry : 
		On exit  : 
		Unchanged: 
 Data sizes:     COMMON   BANK0   BANK1
      Params:         0       0       0
      Locals:         0       1       0
      Temps:          0       1       0
      Totals:         0       2       0
Total ram usage:        2 bytes
 Hardware stack levels used:    1
 This function calls:
		Nothing
 This function is called by:
		_lcd_write
		_lcd_config
 This function uses a non-reentrant model


 *************** function _gpio_init *****************
 Defined at:
		line 34 in file "main.c"
 Parameters:    Size  Location     Type
		None
 Auto vars:     Size  Location     Type
		None
 Return value:  Size  Location     Type
		None               void
 Registers used:
		wreg, status,2
 Tracked objects:
		On entry : 
		On exit  : 
		Unchanged: 
 Data sizes:     COMMON   BANK0   BANK1
      Params:         0       0       0
      Locals:         0       0       0
      Temps:          0       0       0
      Totals:         0       0       0
Total ram usage:        0 bytes
 Hardware stack levels used:    1
 This function calls:
		Nothing
 This function is called by:
		_lcd_init
		_startup
 This function uses a non-reentrant model



MODULE INFORMATION

Module		Function		Class		Link	Load	Size
shared
		__stringtab    		STRING         	0002	0000	7
		__initialization		CODE           	07FB	0000	3
		_progress_bar  		STRING         	0008	0000	7

shared estimated size: 17

hd44780.c
		_lcd_putc      		CODE           	058F	0000	22
		_lcd_puts      		CODE           	07AB	0000	81
		_cursor_shift  		CODE           	05EA	0000	28
		_lcd_setmode   		CODE           	0570	0000	12
		_lcd_clrbar    		CODE           	06BA	0000	49
		_lcd_clrscr    		CODE           	05A4	0000	24
		_lcd_low       		CODE           	0668	0000	37
		_lcd_goto      		CODE           	06EA	0000	62
		_lcd_10us_delay		CODE           	068C	0000	47
		_lcd_high      		CODE           	0644	0000	37
		_lcd_config    		CODE           	0727	0000	66
		_lcd_write     		CODE           	0624	0000	33
		_lcd_strobe    		CODE           	057B	0000	21
		_lcd_init      		CODE           	05D2	0000	25
		_lcd_initbar   		CODE           	0768	0000	68
		_lcd_return    		CODE           	05BB	0000	24

hd44780.c estimated size: 636

main.c
		_startup       		CODE           	0605	0000	32
		_main          		CODE           	0563	0000	5
		_gpio_init     		CODE           	0567	0000	10

main.c estimated size: 47

